Archive member included because of file (symbol)

c:/winavr-20071221rc1/bin/../lib/gcc/avr/4.2.2/avr5\libgcc.a(_exit.o)
                              c:/winavr-20071221rc1/bin/../lib/gcc/avr/4.2.2/../../../../avr/lib/avr5/crtm168.o (exit)
c:/winavr-20071221rc1/bin/../lib/gcc/avr/4.2.2/avr5\libgcc.a(_copy_data.o)
                              drive.o (__do_copy_data)
c:/winavr-20071221rc1/bin/../lib/gcc/avr/4.2.2/avr5\libgcc.a(_clear_bss.o)
                              drive.o (__do_clear_bss)
c:/winavr-20071221rc1/bin/../lib/gcc/avr/4.2.2/../../../../avr/lib/avr5\libc.a(random.o)
                              drive.o (random)
c:/winavr-20071221rc1/bin/../lib/gcc/avr/4.2.2/avr5\libgcc.a(_mulsi3.o)
                              c:/winavr-20071221rc1/bin/../lib/gcc/avr/4.2.2/../../../../avr/lib/avr5\libc.a(random.o) (__mulsi3)
c:/winavr-20071221rc1/bin/../lib/gcc/avr/4.2.2/avr5\libgcc.a(_divmodsi4.o)
                              c:/winavr-20071221rc1/bin/../lib/gcc/avr/4.2.2/../../../../avr/lib/avr5\libc.a(random.o) (__divmodsi4)
c:/winavr-20071221rc1/bin/../lib/gcc/avr/4.2.2/avr5\libgcc.a(_prologue.o)
                              c:/winavr-20071221rc1/bin/../lib/gcc/avr/4.2.2/../../../../avr/lib/avr5\libc.a(random.o) (__prologue_saves__)
c:/winavr-20071221rc1/bin/../lib/gcc/avr/4.2.2/avr5\libgcc.a(_epilogue.o)
                              c:/winavr-20071221rc1/bin/../lib/gcc/avr/4.2.2/../../../../avr/lib/avr5\libc.a(random.o) (__epilogue_restores__)
c:/winavr-20071221rc1/bin/../lib/gcc/avr/4.2.2/avr5\libgcc.a(_udivmodsi4.o)
                              c:/winavr-20071221rc1/bin/../lib/gcc/avr/4.2.2/avr5\libgcc.a(_divmodsi4.o) (__udivmodsi4)

Allocating common symbols
Common symbol       size              file

sensors_in          0x34              drive.o
sensors             0x34              drive.o

Memory Configuration

Name             Origin             Length             Attributes
text             0x00000000         0x00020000         xr
data             0x00800060         0x0000ffa0         rw !x
eeprom           0x00810000         0x00010000         rw !x
fuse             0x00820000         0x00000400         rw !x
lock             0x00830000         0x00000400         rw !x
signature        0x00840000         0x00000400         rw !x
*default*        0x00000000         0xffffffff

Linker script and memory map

Address of section .data set to 0x800100
LOAD c:/winavr-20071221rc1/bin/../lib/gcc/avr/4.2.2/../../../../avr/lib/avr5/crtm168.o
LOAD drive.o
LOAD c:/winavr-20071221rc1/bin/../lib/gcc/avr/4.2.2/../../../../avr/lib/avr5\libm.a
LOAD c:/winavr-20071221rc1/bin/../lib/gcc/avr/4.2.2/avr5\libgcc.a
LOAD c:/winavr-20071221rc1/bin/../lib/gcc/avr/4.2.2/../../../../avr/lib/avr5\libc.a
LOAD c:/winavr-20071221rc1/bin/../lib/gcc/avr/4.2.2/avr5\libgcc.a

.hash
 *(.hash)

.dynsym
 *(.dynsym)

.dynstr
 *(.dynstr)

.gnu.version
 *(.gnu.version)

.gnu.version_d
 *(.gnu.version_d)

.gnu.version_r
 *(.gnu.version_r)

.rel.init
 *(.rel.init)

.rela.init
 *(.rela.init)

.rel.text
 *(.rel.text)
 *(.rel.text.*)
 *(.rel.gnu.linkonce.t*)

.rela.text
 *(.rela.text)
 *(.rela.text.*)
 *(.rela.gnu.linkonce.t*)

.rel.fini
 *(.rel.fini)

.rela.fini
 *(.rela.fini)

.rel.rodata
 *(.rel.rodata)
 *(.rel.rodata.*)
 *(.rel.gnu.linkonce.r*)

.rela.rodata
 *(.rela.rodata)
 *(.rela.rodata.*)
 *(.rela.gnu.linkonce.r*)

.rel.data
 *(.rel.data)
 *(.rel.data.*)
 *(.rel.gnu.linkonce.d*)

.rela.data
 *(.rela.data)
 *(.rela.data.*)
 *(.rela.gnu.linkonce.d*)

.rel.ctors
 *(.rel.ctors)

.rela.ctors
 *(.rela.ctors)

.rel.dtors
 *(.rel.dtors)

.rela.dtors
 *(.rela.dtors)

.rel.got
 *(.rel.got)

.rela.got
 *(.rela.got)

.rel.bss
 *(.rel.bss)

.rela.bss
 *(.rela.bss)

.rel.plt
 *(.rel.plt)

.rela.plt
 *(.rela.plt)

.text           0x00000000      0x992
 *(.vectors)
 .vectors       0x00000000       0x68 c:/winavr-20071221rc1/bin/../lib/gcc/avr/4.2.2/../../../../avr/lib/avr5/crtm168.o
                0x00000000                __vectors
                0x00000000                __vector_default
 *(.vectors)
 *(.progmem.gcc*)
 *(.progmem*)
                0x00000068                . = ALIGN (0x2)
                0x00000068                __trampolines_start = .
 *(.trampolines)
 .trampolines   0x00000068        0x0 linker stubs
 *(.trampolines*)
                0x00000068                __trampolines_end = .
 *(.jumptables)
 *(.jumptables*)
 *(.lowtext)
 *(.lowtext*)
                0x00000068                __ctors_start = .
 *(.ctors)
                0x00000068                __ctors_end = .
                0x00000068                __dtors_start = .
 *(.dtors)
                0x00000068                __dtors_end = .
 SORT(*)(.ctors)
 SORT(*)(.dtors)
 *(.init0)
 .init0         0x00000068        0x0 c:/winavr-20071221rc1/bin/../lib/gcc/avr/4.2.2/../../../../avr/lib/avr5/crtm168.o
                0x00000068                __init
 *(.init0)
 *(.init1)
 *(.init1)
 *(.init2)
 .init2         0x00000068        0xc c:/winavr-20071221rc1/bin/../lib/gcc/avr/4.2.2/../../../../avr/lib/avr5/crtm168.o
 *(.init2)
 *(.init3)
 *(.init3)
 *(.init4)
 .init4         0x00000074       0x16 c:/winavr-20071221rc1/bin/../lib/gcc/avr/4.2.2/avr5\libgcc.a(_copy_data.o)
                0x00000074                __do_copy_data
 .init4         0x0000008a       0x10 c:/winavr-20071221rc1/bin/../lib/gcc/avr/4.2.2/avr5\libgcc.a(_clear_bss.o)
                0x0000008a                __do_clear_bss
 *(.init4)
 *(.init5)
 *(.init5)
 *(.init6)
 *(.init6)
 *(.init7)
 *(.init7)
 *(.init8)
 *(.init8)
 *(.init9)
 .init9         0x0000009a        0x8 c:/winavr-20071221rc1/bin/../lib/gcc/avr/4.2.2/../../../../avr/lib/avr5/crtm168.o
 *(.init9)
 *(.text)
 .text          0x000000a2        0x4 c:/winavr-20071221rc1/bin/../lib/gcc/avr/4.2.2/../../../../avr/lib/avr5/crtm168.o
                0x000000a2                __vector_22
                0x000000a2                __vector_1
                0x000000a2                __vector_24
                0x000000a2                __vector_12
                0x000000a2                __bad_interrupt
                0x000000a2                __vector_6
                0x000000a2                __vector_3
                0x000000a2                __vector_23
                0x000000a2                __vector_25
                0x000000a2                __vector_13
                0x000000a2                __vector_17
                0x000000a2                __vector_19
                0x000000a2                __vector_7
                0x000000a2                __vector_5
                0x000000a2                __vector_4
                0x000000a2                __vector_9
                0x000000a2                __vector_2
                0x000000a2                __vector_21
                0x000000a2                __vector_15
                0x000000a2                __vector_8
                0x000000a2                __vector_14
                0x000000a2                __vector_10
                0x000000a2                __vector_16
                0x000000a2                __vector_20
 .text          0x000000a6      0x6ea drive.o
                0x00000136                byteTx
                0x0000066c                randomAngle
                0x000002c8                baud
                0x00000146                delayMs
                0x000003e8                defineSongs
                0x000000f6                __vector_11
                0x0000067e                main
                0x00000268                powerOnRobot
                0x00000396                drive
                0x00000218                initialize
                0x000000a6                __vector_18
                0x0000015e                delayAndUpdateSensors
 .text          0x00000790        0x0 c:/winavr-20071221rc1/bin/../lib/gcc/avr/4.2.2/avr5\libgcc.a(_exit.o)
 .text          0x00000790        0x0 c:/winavr-20071221rc1/bin/../lib/gcc/avr/4.2.2/avr5\libgcc.a(_copy_data.o)
 .text          0x00000790        0x0 c:/winavr-20071221rc1/bin/../lib/gcc/avr/4.2.2/avr5\libgcc.a(_clear_bss.o)
 .text          0x00000790       0xda c:/winavr-20071221rc1/bin/../lib/gcc/avr/4.2.2/../../../../avr/lib/avr5\libc.a(random.o)
                0x0000084e                random
                0x00000848                random_r
                0x00000858                srandom
 .text          0x0000086a        0x0 c:/winavr-20071221rc1/bin/../lib/gcc/avr/4.2.2/avr5\libgcc.a(_mulsi3.o)
 .text          0x0000086a        0x0 c:/winavr-20071221rc1/bin/../lib/gcc/avr/4.2.2/avr5\libgcc.a(_divmodsi4.o)
 .text          0x0000086a        0x0 c:/winavr-20071221rc1/bin/../lib/gcc/avr/4.2.2/avr5\libgcc.a(_prologue.o)
 .text          0x0000086a        0x0 c:/winavr-20071221rc1/bin/../lib/gcc/avr/4.2.2/avr5\libgcc.a(_epilogue.o)
 .text          0x0000086a        0x0 c:/winavr-20071221rc1/bin/../lib/gcc/avr/4.2.2/avr5\libgcc.a(_udivmodsi4.o)
                0x0000086a                . = ALIGN (0x2)
 *(.text.*)
 .text.libgcc   0x0000086a        0x0 c:/winavr-20071221rc1/bin/../lib/gcc/avr/4.2.2/avr5\libgcc.a(_exit.o)
 .text.libgcc   0x0000086a        0x0 c:/winavr-20071221rc1/bin/../lib/gcc/avr/4.2.2/avr5\libgcc.a(_copy_data.o)
 .text.libgcc   0x0000086a        0x0 c:/winavr-20071221rc1/bin/../lib/gcc/avr/4.2.2/avr5\libgcc.a(_clear_bss.o)
 .text.libgcc   0x0000086a       0x3e c:/winavr-20071221rc1/bin/../lib/gcc/avr/4.2.2/avr5\libgcc.a(_mulsi3.o)
                0x0000086a                __mulsi3
 .text.libgcc   0x000008a8       0x36 c:/winavr-20071221rc1/bin/../lib/gcc/avr/4.2.2/avr5\libgcc.a(_divmodsi4.o)
                0x000008a8                __divmodsi4
 .text.libgcc   0x000008de       0x38 c:/winavr-20071221rc1/bin/../lib/gcc/avr/4.2.2/avr5\libgcc.a(_prologue.o)
                0x000008de                __prologue_saves__
 .text.libgcc   0x00000916       0x36 c:/winavr-20071221rc1/bin/../lib/gcc/avr/4.2.2/avr5\libgcc.a(_epilogue.o)
                0x00000916                __epilogue_restores__
 .text.libgcc   0x0000094c       0x44 c:/winavr-20071221rc1/bin/../lib/gcc/avr/4.2.2/avr5\libgcc.a(_udivmodsi4.o)
                0x0000094c                __udivmodsi4
                0x00000990                . = ALIGN (0x2)
 *(.fini9)
 .fini9         0x00000990        0x0 c:/winavr-20071221rc1/bin/../lib/gcc/avr/4.2.2/avr5\libgcc.a(_exit.o)
                0x00000990                exit
                0x00000990                _exit
 *(.fini9)
 *(.fini8)
 *(.fini8)
 *(.fini7)
 *(.fini7)
 *(.fini6)
 *(.fini6)
 *(.fini5)
 *(.fini5)
 *(.fini4)
 *(.fini4)
 *(.fini3)
 *(.fini3)
 *(.fini2)
 *(.fini2)
 *(.fini1)
 *(.fini1)
 *(.fini0)
 .fini0         0x00000990        0x2 c:/winavr-20071221rc1/bin/../lib/gcc/avr/4.2.2/avr5\libgcc.a(_exit.o)
 *(.fini0)
                0x00000992                _etext = .

.data           0x00800100        0x4 load address 0x00000992
                0x00800100                PROVIDE (__data_start, .)
 *(.data)
 .data          0x00800100        0x0 c:/winavr-20071221rc1/bin/../lib/gcc/avr/4.2.2/../../../../avr/lib/avr5/crtm168.o
 .data          0x00800100        0x0 drive.o
 .data          0x00800100        0x0 c:/winavr-20071221rc1/bin/../lib/gcc/avr/4.2.2/avr5\libgcc.a(_exit.o)
 .data          0x00800100        0x0 c:/winavr-20071221rc1/bin/../lib/gcc/avr/4.2.2/avr5\libgcc.a(_copy_data.o)
 .data          0x00800100        0x0 c:/winavr-20071221rc1/bin/../lib/gcc/avr/4.2.2/avr5\libgcc.a(_clear_bss.o)
 .data          0x00800100        0x4 c:/winavr-20071221rc1/bin/../lib/gcc/avr/4.2.2/../../../../avr/lib/avr5\libc.a(random.o)
 .data          0x00800104        0x0 c:/winavr-20071221rc1/bin/../lib/gcc/avr/4.2.2/avr5\libgcc.a(_mulsi3.o)
 .data          0x00800104        0x0 c:/winavr-20071221rc1/bin/../lib/gcc/avr/4.2.2/avr5\libgcc.a(_divmodsi4.o)
 .data          0x00800104        0x0 c:/winavr-20071221rc1/bin/../lib/gcc/avr/4.2.2/avr5\libgcc.a(_prologue.o)
 .data          0x00800104        0x0 c:/winavr-20071221rc1/bin/../lib/gcc/avr/4.2.2/avr5\libgcc.a(_epilogue.o)
 .data          0x00800104        0x0 c:/winavr-20071221rc1/bin/../lib/gcc/avr/4.2.2/avr5\libgcc.a(_udivmodsi4.o)
 *(.data*)
 *(.rodata)
 *(.rodata*)
 *(.gnu.linkonce.d*)
                0x00800104                . = ALIGN (0x2)
                0x00800104                _edata = .
                0x00800104                PROVIDE (__data_end, .)

.bss            0x00800104       0x71 load address 0x00000996
                0x00800104                PROVIDE (__bss_start, .)
 *(.bss)
 .bss           0x00800104        0x0 c:/winavr-20071221rc1/bin/../lib/gcc/avr/4.2.2/../../../../avr/lib/avr5/crtm168.o
 .bss           0x00800104        0x9 drive.o
                0x00800107                sensors_flag
                0x00800109                distance
                0x0080010b                angle
                0x00800106                timer_on
                0x00800108                sensors_index
                0x00800104                timer_cnt
 .bss           0x0080010d        0x0 c:/winavr-20071221rc1/bin/../lib/gcc/avr/4.2.2/avr5\libgcc.a(_exit.o)
 .bss           0x0080010d        0x0 c:/winavr-20071221rc1/bin/../lib/gcc/avr/4.2.2/avr5\libgcc.a(_copy_data.o)
 .bss           0x0080010d        0x0 c:/winavr-20071221rc1/bin/../lib/gcc/avr/4.2.2/avr5\libgcc.a(_clear_bss.o)
 .bss           0x0080010d        0x0 c:/winavr-20071221rc1/bin/../lib/gcc/avr/4.2.2/../../../../avr/lib/avr5\libc.a(random.o)
 .bss           0x0080010d        0x0 c:/winavr-20071221rc1/bin/../lib/gcc/avr/4.2.2/avr5\libgcc.a(_mulsi3.o)
 .bss           0x0080010d        0x0 c:/winavr-20071221rc1/bin/../lib/gcc/avr/4.2.2/avr5\libgcc.a(_divmodsi4.o)
 .bss           0x0080010d        0x0 c:/winavr-20071221rc1/bin/../lib/gcc/avr/4.2.2/avr5\libgcc.a(_prologue.o)
 .bss           0x0080010d        0x0 c:/winavr-20071221rc1/bin/../lib/gcc/avr/4.2.2/avr5\libgcc.a(_epilogue.o)
 .bss           0x0080010d        0x0 c:/winavr-20071221rc1/bin/../lib/gcc/avr/4.2.2/avr5\libgcc.a(_udivmodsi4.o)
 *(.bss*)
 *(COMMON)
 COMMON         0x0080010d       0x68 drive.o
                0x0080010d                sensors_in
                0x00800141                sensors
                0x00800175                PROVIDE (__bss_end, .)
                0x00000992                __data_load_start = LOADADDR (.data)
                0x00000996                __data_load_end = (__data_load_start + SIZEOF (.data))

.noinit         0x00800175        0x0
                0x00800175                PROVIDE (__noinit_start, .)
 *(.noinit*)
                0x00800175                PROVIDE (__noinit_end, .)
                0x00800175                _end = .
                0x00800175                PROVIDE (__heap_start, .)

.eeprom         0x00810000        0x0
 *(.eeprom*)
                0x00810000                __eeprom_end = .

.fuse
 *(.fuse)
 *(.lfuse)
 *(.hfuse)
 *(.efuse)

.lock
 *(.lock*)

.signature
 *(.signature*)

.stab           0x00000000      0x378
 *(.stab)
 .stab          0x00000000      0x378 c:/winavr-20071221rc1/bin/../lib/gcc/avr/4.2.2/../../../../avr/lib/avr5/crtm168.o

.stabstr        0x00000000       0x5f
 *(.stabstr)
 .stabstr       0x00000000       0x5f c:/winavr-20071221rc1/bin/../lib/gcc/avr/4.2.2/../../../../avr/lib/avr5/crtm168.o

.stab.excl
 *(.stab.excl)

.stab.exclstr
 *(.stab.exclstr)

.stab.index
 *(.stab.index)

.stab.indexstr
 *(.stab.indexstr)

.comment
 *(.comment)

.debug
 *(.debug)

.line
 *(.line)

.debug_srcinfo
 *(.debug_srcinfo)

.debug_sfnames
 *(.debug_sfnames)

.debug_aranges  0x00000000       0x20
 *(.debug_aranges)
 .debug_aranges
                0x00000000       0x20 drive.o

.debug_pubnames
                0x00000000      0x12f
 *(.debug_pubnames)
 .debug_pubnames
                0x00000000      0x12f drive.o

.debug_info     0x00000000      0xad3
 *(.debug_info)
 .debug_info    0x00000000      0xad3 drive.o
 *(.gnu.linkonce.wi.*)

.debug_abbrev   0x00000000      0x1ca
 *(.debug_abbrev)
 .debug_abbrev  0x00000000      0x1ca drive.o

.debug_line     0x00000000      0x87b
 *(.debug_line)
 .debug_line    0x00000000      0x87b drive.o

.debug_frame    0x00000000       0xd0
 *(.debug_frame)
 .debug_frame   0x00000000       0xd0 drive.o

.debug_str      0x00000000      0x203
 *(.debug_str)
 .debug_str     0x00000000      0x203 drive.o
                                0x245 (size before relaxing)

.debug_loc      0x00000000       0xe3
 *(.debug_loc)
 .debug_loc     0x00000000       0xe3 drive.o

.debug_macinfo
 *(.debug_macinfo)
OUTPUT(drive.elf elf32-avr)
LOAD linker stubs

Cross Reference Table

Symbol                                            File
__bad_interrupt                                   c:/winavr-20071221rc1/bin/../lib/gcc/avr/4.2.2/../../../../avr/lib/avr5/crtm168.o
__bss_end                                         c:/winavr-20071221rc1/bin/../lib/gcc/avr/4.2.2/avr5\libgcc.a(_clear_bss.o)
__bss_start                                       c:/winavr-20071221rc1/bin/../lib/gcc/avr/4.2.2/avr5\libgcc.a(_clear_bss.o)
__data_end                                        c:/winavr-20071221rc1/bin/../lib/gcc/avr/4.2.2/avr5\libgcc.a(_copy_data.o)
__data_load_start                                 c:/winavr-20071221rc1/bin/../lib/gcc/avr/4.2.2/avr5\libgcc.a(_copy_data.o)
__data_start                                      c:/winavr-20071221rc1/bin/../lib/gcc/avr/4.2.2/avr5\libgcc.a(_copy_data.o)
__divmodsi4                                       c:/winavr-20071221rc1/bin/../lib/gcc/avr/4.2.2/avr5\libgcc.a(_divmodsi4.o)
                                                  c:/winavr-20071221rc1/bin/../lib/gcc/avr/4.2.2/../../../../avr/lib/avr5\libc.a(random.o)
__do_clear_bss                                    c:/winavr-20071221rc1/bin/../lib/gcc/avr/4.2.2/avr5\libgcc.a(_clear_bss.o)
                                                  c:/winavr-20071221rc1/bin/../lib/gcc/avr/4.2.2/../../../../avr/lib/avr5\libc.a(random.o)
                                                  drive.o
__do_copy_data                                    c:/winavr-20071221rc1/bin/../lib/gcc/avr/4.2.2/avr5\libgcc.a(_copy_data.o)
                                                  c:/winavr-20071221rc1/bin/../lib/gcc/avr/4.2.2/../../../../avr/lib/avr5\libc.a(random.o)
                                                  drive.o
__epilogue_restores__                             c:/winavr-20071221rc1/bin/../lib/gcc/avr/4.2.2/avr5\libgcc.a(_epilogue.o)
                                                  c:/winavr-20071221rc1/bin/../lib/gcc/avr/4.2.2/../../../../avr/lib/avr5\libc.a(random.o)
__heap_end                                        c:/winavr-20071221rc1/bin/../lib/gcc/avr/4.2.2/../../../../avr/lib/avr5/crtm168.o
__init                                            c:/winavr-20071221rc1/bin/../lib/gcc/avr/4.2.2/../../../../avr/lib/avr5/crtm168.o
__mulsi3                                          c:/winavr-20071221rc1/bin/../lib/gcc/avr/4.2.2/avr5\libgcc.a(_mulsi3.o)
                                                  c:/winavr-20071221rc1/bin/../lib/gcc/avr/4.2.2/../../../../avr/lib/avr5\libc.a(random.o)
__prologue_saves__                                c:/winavr-20071221rc1/bin/../lib/gcc/avr/4.2.2/avr5\libgcc.a(_prologue.o)
                                                  c:/winavr-20071221rc1/bin/../lib/gcc/avr/4.2.2/../../../../avr/lib/avr5\libc.a(random.o)
__stack                                           c:/winavr-20071221rc1/bin/../lib/gcc/avr/4.2.2/../../../../avr/lib/avr5/crtm168.o
__udivmodsi4                                      c:/winavr-20071221rc1/bin/../lib/gcc/avr/4.2.2/avr5\libgcc.a(_udivmodsi4.o)
                                                  c:/winavr-20071221rc1/bin/../lib/gcc/avr/4.2.2/avr5\libgcc.a(_divmodsi4.o)
__vector_1                                        c:/winavr-20071221rc1/bin/../lib/gcc/avr/4.2.2/../../../../avr/lib/avr5/crtm168.o
__vector_10                                       c:/winavr-20071221rc1/bin/../lib/gcc/avr/4.2.2/../../../../avr/lib/avr5/crtm168.o
__vector_11                                       drive.o
                                                  c:/winavr-20071221rc1/bin/../lib/gcc/avr/4.2.2/../../../../avr/lib/avr5/crtm168.o
__vector_12                                       c:/winavr-20071221rc1/bin/../lib/gcc/avr/4.2.2/../../../../avr/lib/avr5/crtm168.o
__vector_13                                       c:/winavr-20071221rc1/bin/../lib/gcc/avr/4.2.2/../../../../avr/lib/avr5/crtm168.o
__vector_14                                       c:/winavr-20071221rc1/bin/../lib/gcc/avr/4.2.2/../../../../avr/lib/avr5/crtm168.o
__vector_15                                       c:/winavr-20071221rc1/bin/../lib/gcc/avr/4.2.2/../../../../avr/lib/avr5/crtm168.o
__vector_16                                       c:/winavr-20071221rc1/bin/../lib/gcc/avr/4.2.2/../../../../avr/lib/avr5/crtm168.o
__vector_17                                       c:/winavr-20071221rc1/bin/../lib/gcc/avr/4.2.2/../../../../avr/lib/avr5/crtm168.o
__vector_18                                       drive.o
                                                  c:/winavr-20071221rc1/bin/../lib/gcc/avr/4.2.2/../../../../avr/lib/avr5/crtm168.o
__vector_19                                       c:/winavr-20071221rc1/bin/../lib/gcc/avr/4.2.2/../../../../avr/lib/avr5/crtm168.o
__vector_2                                        c:/winavr-20071221rc1/bin/../lib/gcc/avr/4.2.2/../../../../avr/lib/avr5/crtm168.o
__vector_20                                       c:/winavr-20071221rc1/bin/../lib/gcc/avr/4.2.2/../../../../avr/lib/avr5/crtm168.o
__vector_21                                       c:/winavr-20071221rc1/bin/../lib/gcc/avr/4.2.2/../../../../avr/lib/avr5/crtm168.o
__vector_22                                       c:/winavr-20071221rc1/bin/../lib/gcc/avr/4.2.2/../../../../avr/lib/avr5/crtm168.o
__vector_23                                       c:/winavr-20071221rc1/bin/../lib/gcc/avr/4.2.2/../../../../avr/lib/avr5/crtm168.o
__vector_24                                       c:/winavr-20071221rc1/bin/../lib/gcc/avr/4.2.2/../../../../avr/lib/avr5/crtm168.o
__vector_25                                       c:/winavr-20071221rc1/bin/../lib/gcc/avr/4.2.2/../../../../avr/lib/avr5/crtm168.o
__vector_3                                        c:/winavr-20071221rc1/bin/../lib/gcc/avr/4.2.2/../../../../avr/lib/avr5/crtm168.o
__vector_4                                        c:/winavr-20071221rc1/bin/../lib/gcc/avr/4.2.2/../../../../avr/lib/avr5/crtm168.o
__vector_5                                        c:/winavr-20071221rc1/bin/../lib/gcc/avr/4.2.2/../../../../avr/lib/avr5/crtm168.o
__vector_6                                        c:/winavr-20071221rc1/bin/../lib/gcc/avr/4.2.2/../../../../avr/lib/avr5/crtm168.o
__vector_7                                        c:/winavr-20071221rc1/bin/../lib/gcc/avr/4.2.2/../../../../avr/lib/avr5/crtm168.o
__vector_8                                        c:/winavr-20071221rc1/bin/../lib/gcc/avr/4.2.2/../../../../avr/lib/avr5/crtm168.o
__vector_9                                        c:/winavr-20071221rc1/bin/../lib/gcc/avr/4.2.2/../../../../avr/lib/avr5/crtm168.o
__vector_default                                  c:/winavr-20071221rc1/bin/../lib/gcc/avr/4.2.2/../../../../avr/lib/avr5/crtm168.o
__vectors                                         c:/winavr-20071221rc1/bin/../lib/gcc/avr/4.2.2/../../../../avr/lib/avr5/crtm168.o
_exit                                             c:/winavr-20071221rc1/bin/../lib/gcc/avr/4.2.2/avr5\libgcc.a(_exit.o)
angle                                             drive.o
baud                                              drive.o
byteTx                                            drive.o
defineSongs                                       drive.o
delayAndUpdateSensors                             drive.o
delayMs                                           drive.o
distance                                          drive.o
drive                                             drive.o
exit                                              c:/winavr-20071221rc1/bin/../lib/gcc/avr/4.2.2/avr5\libgcc.a(_exit.o)
                                                  c:/winavr-20071221rc1/bin/../lib/gcc/avr/4.2.2/../../../../avr/lib/avr5/crtm168.o
initialize                                        drive.o
main                                              drive.o
                                                  c:/winavr-20071221rc1/bin/../lib/gcc/avr/4.2.2/../../../../avr/lib/avr5/crtm168.o
powerOnRobot                                      drive.o
random                                            c:/winavr-20071221rc1/bin/../lib/gcc/avr/4.2.2/../../../../avr/lib/avr5\libc.a(random.o)
                                                  drive.o
randomAngle                                       drive.o
random_r                                          c:/winavr-20071221rc1/bin/../lib/gcc/avr/4.2.2/../../../../avr/lib/avr5\libc.a(random.o)
sensors                                           drive.o
sensors_flag                                      drive.o
sensors_in                                        drive.o
sensors_index                                     drive.o
srandom                                           c:/winavr-20071221rc1/bin/../lib/gcc/avr/4.2.2/../../../../avr/lib/avr5\libc.a(random.o)
timer_cnt                                         drive.o
timer_on                                          drive.o
